// Jest Snapshot v1, https://goo.gl/fbAQLP

exports[`ActionLinks rendering render action links 1`] = `
<Col
  bsClass="col"
  className="actions-btns"
  componentClass="div"
  sm={2}
>
  <OverlayTrigger
    defaultOverlayShown={false}
    id="notifications-toggle-icon"
    key="0"
    overlay={
      <Tooltip
        bsClass="tooltip"
        id={0}
        placement="right"
      >
        Host details
      </Tooltip>
    }
    placement="top"
    trigger={
      Array [
        "hover",
        "focus",
      ]
    }
  >
    <a
      className="btn btn-default"
      href="/hosts/foo.example.com"
      key="0"
    >
      Host details
    </a>
  </OverlayTrigger>
</Col>
`;
